---
source: tests/common/snapshot_utils.rs
expression: "format!(\"{:#}\", error)"
---
1:1: type error: Cannot assign String to I64
