---
source: tests/common/snapshot_utils.rs
expression: "format!(\"{:#}\", error)"
---
1:13: unexpected token: Expected expression, found Plus
