---
source: tests/common/snapshot_utils.rs
expression: "format!(\"{:#}\", error)"
---
1:5: syntax error: Expected variable name
