---
source: tests/common/snapshot_utils.rs
expression: "format!(\"{:#}\", error)"
---
1:9: undefined variable: Variable 'undefined_var' not found
