---
source: tests/common/snapshot_utils.rs
expression: content
---
let x = 42;
