---
source: tests/common/snapshot_utils.rs
expression: content
---
let x = 42;
let y = "hello";
let z = true;
